root:[REDACTED]:20729:0:99999:7:::
daemon:[REDACTED]:20729:0:99999:7:::
bin:[REDACTED]:20729:0:99999:7:::
sys:[REDACTED]:20729:0:99999:7:::
sync:[REDACTED]:20729:0:99999:7:::
games:[REDACTED]:20729:0:99999:7:::
man:[REDACTED]:20729:0:99999:7:::
lp:[REDACTED]:20729:0:99999:7:::
mail:[REDACTED]:20729:0:99999:7:::
news:[REDACTED]:20729:0:99999:7:::
uucp:[REDACTED]:20729:0:99999:7:::
proxy:[REDACTED]:20729:0:99999:7:::
www-data:[REDACTED]:20729:0:99999:7:::
backup:[REDACTED]:20729:0:99999:7:::
list:[REDACTED]:20729:0:99999:7:::
irc:[REDACTED]:20729:0:99999:7:::
_apt:[REDACTED]:20729:0:99999:7:::
nobody:[REDACTED]:20729:0:99999:7:::
systemd-network:[REDACTED]:20729:::::1:
dhcpcd:[REDACTED]:20729::::::
tss:[REDACTED]:20729::::::
systemd-timesync:[REDACTED]:20729:::::1:
messagebus:[REDACTED]:20729::::::
dnsmasq:[REDACTED]:20729::::::
avahi:[REDACTED]:20729::::::
speech-dispatcher:[REDACTED]:20729::::::
usbmux:[REDACTED]:20729::::::
cups-pk-helper:[REDACTED]:20729::::::
fwupd-refresh:[REDACTED]:20729::::::
geoclue:[REDACTED]:20729::::::
gnome-remote-desktop:[REDACTED]:20729::::::
saned:[REDACTED]:20729::::::
polkitd:[REDACTED]:20729::::::
rtkit:[REDACTED]:20729::::::
colord:[REDACTED]:20729::::::
Debian-gdm:[REDACTED]:20729::::::
labadmin:[REDACTED]:20729:0:99999:7:::
sshd:[REDACTED]:20729::::::
vboxadd:[REDACTED]:20729::::::
user1:[REDACTED]:20729:0:90:7:::
