root:x:0:
daemon:x:1:
bin:x:2:
sys:x:3:
adm:x:4:
tty:x:5:
disk:x:6:
lp:x:7:
mail:x:8:
news:x:9:
uucp:x:10:
man:x:12:
proxy:x:13:
kmem:x:15:
dialout:x:20:
fax:x:21:
voice:x:22:
cdrom:x:24:
floppy:x:25:
tape:x:26:
sudo:x:27:labadmin
audio:x:29:
dip:x:30:
www-data:x:33:
backup:x:34:
operator:x:37:
list:x:38:
irc:x:39:
src:x:40:
shadow:x:42:
utmp:x:43:
video:x:44:
sasl:x:45:
plugdev:x:46:
staff:x:50:
games:x:60:
users:x:100:labadmin
nogroup:x:65534:
systemd-journal:x:999:
systemd-network:x:998:
crontab:x:997:
input:x:996:
sgx:x:995:
clock:x:994:
kvm:x:993:
render:x:992:
netdev:x:101:
scanner:x:102:saned
tss:x:103:
systemd-timesync:x:991:
messagebus:x:990:
_ssh:x:104:
ssl-cert:x:105:
bluetooth:x:106:
avahi:x:107:
lpadmin:x:108:
pipewire:x:109:
fwupd-refresh:x:989:
geoclue:x:110:
gnome-remote-desktop:x:988:
saned:x:111:
polkitd:x:987:
rtkit:x:112:
colord:x:113:
Debian-gdm:x:114:
labadmin:x:1000:
vboxsf:x:986:
vboxdrmipc:x:985:
students:x:1001:user1
user1:x:1234:
