2026-10-03T19:37:56+08:00
uid=1234(user1) gid=1234(user1) groups=1234(user1),1001(students)
Last password change					: Oct 03, 2026
Password expires					: Jan 01, 2027
Password inactive					: never
Account expires						: never
Minimum number of days between password change		: 0
Maximum number of days between password change		: 90
Number of days of warning before password expires	: 7
  File: /home/user1/lab-bin/cat-suid
  Size: 47592     	Blocks: 96         IO Block: 4096   regular file
Device: 8,1	Inode: 1701369     Links: 1
Access: (4755/-rwsr-xr-x)  Uid: (    0/    root)   Gid: (    0/    root)
Access: 2026-10-03 19:30:47.649899161 +0800
Modify: 2026-10-03 19:30:23.938396075 +0800
Change: 2026-10-03 19:30:34.786169775 +0800
 Birth: 2026-10-03 19:30:23.938396075 +0800
/home/user1/lab-bin/chown-cap cap_chown=ep
Matching Defaults entries for user1 on Debian:
    env_reset, mail_badpass,
    secure_path=/usr/local/sbin\:/usr/local/bin\:/usr/sbin\:/usr/bin\:/sbin\:/bin,
    use_pty

User user1 may run the following commands on Debian:
    (root) NOPASSWD: /usr/bin/timedatectl set-time *
owner=root file=/home/user1/cap-reboot.txt
               Local time: Sat 2026-10-03 19:38:45 +08
           Universal time: Sat 2026-10-03 11:38:45 UTC
                 RTC time: Sat 2026-10-03 11:38:01
                Time zone: Asia/Irkutsk (+08, +0800)
System clock synchronized: yes
              NTP service: active
          RTC in local TZ: no
